 
****************************************
Report : power
        -analysis_effort low
Design : ALU32
Version: O-2018.06-SP5-2
Date   : Tue Sep 17 19:15:34 2019
****************************************


Library(s) Used:

    asap7sc7p5t_22b_SIMPLE_LVT_TT_170906 (File: /remote/dc/models/asap7sc7p5t_SIMPLE_LVT_TT.db)
    asap7sc7p5t_22b_INVBUF_LVT_TT_170906 (File: /remote/dc/models/asap7sc7p5t_INVBUF_LVT_TT.db)


Operating Conditions: PVT_0P7V_25C   Library: asap7sc7p5t_22b_SIMPLE_LVT_TT_170906
Wire Load Model Mode: top


Global Operating Voltage = 0.7  
Power-specific unit information :
    Voltage Units = 1V
    Capacitance Units = 1.000000ff
    Time Units = 1ps
    Dynamic Power Units = 1mW    (derived from V,C,T units)
    Leakage Power Units = 1pW


  Cell Internal Power  = 227.9609 mW   (41%)
  Net Switching Power  = 328.3633 mW   (59%)
                         ---------
Total Dynamic Power    = 556.3242 mW  (100%)

Cell Leakage Power     =   4.6200 uW

Information: report_power power group summary does not include estimated clock tree power. (PWR-789)

                 Internal         Switching           Leakage            Total
Power Group      Power            Power               Power              Power   (   %    )  Attrs
--------------------------------------------------------------------------------------------------
io_pad             0.0000            0.0000            0.0000            0.0000  (   0.00%)
memory             0.0000            0.0000            0.0000            0.0000  (   0.00%)
black_box          0.0000            0.0000            0.0000            0.0000  (   0.00%)
clock_network      0.0000            0.0000            0.0000            0.0000  (   0.00%)
register           0.0000            0.0000            0.0000            0.0000  (   0.00%)
sequential         0.0000            0.0000            0.0000            0.0000  (   0.00%)
combinational    227.9606          328.3635        4.6200e+06          556.3289  ( 100.00%)
--------------------------------------------------------------------------------------------------
Total            227.9606 mW       328.3635 mW     4.6200e+06 pW       556.3289 mW
1
